starting the demo ...
  [    6.3s] 0a_startup_loaded: Dashboard loaded: 4 nodes live, all four camera zones outlined green (healthy), Demo script panel present.
  => moment 0 PASS: all 4 nodes live and central server healthy 5.3s after launch; all camera zones healthy; demo-script panel lists 9 steps
  [    6.4s] 1a_walk_start: Four workers, four identities (P-00x) with ground-truth rings.
  [   14.5s] 1b_walk_later: Same identities at new positions a few seconds later.
  [   31.8s] 1c_walk_25s: 25 s in: identities unchanged.
  => moment 1 PASS: 4 identities tracked, labels unchanged for 25 s, max displacement 21.3 m, mean error 0.35 m vs ground truth
  [   31.9s] 2a1_before: Before the episode: cameras all healthy (green); worker-2 is not in the building yet.
  [   49.3s] 2a2_hidden_0s: P-005 hidden 2.4 s: search area 18.3 m² vs 40.9 m² reachable without negative evidence (45%); overlap with healthy cameras' zones 0 m²; zone overlap {}.
  [   54.9s] 2a3_hidden_5s: P-005 hidden 6.4 s: search area 52 m² vs 256.7 m² reachable without negative evidence (20%); overlap with healthy cameras' zones 0 m²; zone overlap {}.
  [   58.2s] 5e_query_worker_in_blind_block: Query 'where is worker 2' while worker-2 is hidden in the uncovered block: the answer reports the last confirmed position and the candidate region, not a made-up position.
  [   59.2s] 2a4_hidden_10s: P-005 hidden 11.6 s: search area 69 m² vs 652.3 m² reachable without negative evidence (11%); overlap with healthy cameras' zones 0 m²; zone overlap {}.
  [   65.6s] 2a5_hidden_16s: P-005 hidden 17.6 s: search area 69 m² vs 867.1 m² reachable without negative evidence (8%); overlap with healthy cameras' zones 0 m²; zone overlap {}.
  [   71.2s] 2a6_hidden_22s: P-005 hidden 23.6 s: search area 69 m² vs 932.5 m² reachable without negative evidence (7%); overlap with healthy cameras' zones 0 m²; zone overlap {}.
  [   74.9s] 2a7_reemerged: worker-2 re-emerges from the block; identity now P-005 (before: P-005).
  => moment 2a PASS: region confined to the block for 24.9 s (0 m² in healthy zones, at most 0.5 m² outside the block), final 69 m² vs 932.5 m² reachable (ratio 0.074), same identity P-005 on re-emergence
  [  168.6s] 2b1_before: Before the episode: cameras all healthy (green); worker-2 waits at the door.
  [  185.3s] 2b2_hidden_0s: P-014 hidden 1.6 s: search area 11.1 m² vs 18.3 m² reachable without negative evidence (60%); overlap with healthy cameras' zones 0 m²; zone overlap {}.
  [  190.8s] 2b3_hidden_5s: P-014 hidden 6.6 s: search area 79.3 m² vs 269.4 m² reachable without negative evidence (29%); overlap with healthy cameras' zones 0 m²; zone overlap {'1': 25.3}.
  [  195.5s] 2b4_hidden_10s: P-014 hidden 11.6 s: search area 169.9 m² vs 647.3 m² reachable without negative evidence (26%); overlap with healthy cameras' zones 0 m²; zone overlap {'1': 100.9}.
  [  201.9s] 2b5_hidden_16s: P-014 hidden 16.8 s: search area 174 m² vs 844.3 m² reachable without negative evidence (21%); overlap with healthy cameras' zones 0 m²; zone overlap {'1': 105}.
  [  207.5s] 2b6_hidden_22s: P-014 hidden 22.8 s: search area 174 m² vs 932.5 m² reachable without negative evidence (19%); overlap with healthy cameras' zones 0 m²; zone overlap {'1': 105}.
  [  213.0s] 2b7_reemerged: worker-2 re-emerges from the block; identity now P-014 (before: P-014).
  => moment 2b PASS: region leaked into camera 1's zone (up to 105 m²) and into no other zone; page said 'camera 1 is silent (occluded...): its silence is not counted as evidence' in 30 of 30 samples; same identity on re-emergence
  [  213.1s] 3a_before_partition: Before: all nodes hold (almost) the same number of claims.
  [  214.4s] 3b_partition_during: Partition applied: every node card reports 'partitioned: yes'.
  [  226.6s] 3c_partition_later: 12 s into the partition: the two sides' claim counts have drifted apart.
  [  228.2s] 3d_after_heal: After heal: CONVERGED, spread 6, gaps 0 (1.1s after pressing Heal).
  => moment 3 PASS: partition shown on all nodes, spread grew to 51.0, converged 1.1s after heal with gaps=0
  [  228.2s] 4a_before_lie: Before: reputation [1.0, 1.0, 1.0, 1.0], rejected [17.0, 0.0, 1.0, 1.0].
  [  234.2s] 4b_lying_early: 5.4s after 'Make node 2 lie': reputation [1.0, 1.0, 1.0, 1.0], rejected [17.0, 0.0, 1.0, 1.0].
  [  250.6s] 4c_lying_dropped: Node 2's reputation has dropped: [1.0, 1.0, 0.6, 1.0], rejected [17.0, 0.0, 72.0, 1.0].
  [  257.1s] 4d_recovering: 6.0s after 'Stop lying': reputation [1.0, 1.0, 0.89, 1.0].
  [  259.2s] 4e_after_stop: End of recovery window: reputation [0.83, 1.0, 0.93, 1.0].
  => moment 4 PASS: liar's reputation < 0.7 after 12.8s (72.0 claims rejected), honest nodes stayed >= 1.0 (their rejected counters grew by [7.0, 0, 0.0] during the test), recovered > 0.9 8.1s after stopping
  [  259.7s] 5a_answer_worker3: Valid query 'where is worker 3' (purpose safety).
  [  260.3s] 5b_refusal_unknown: Unanswerable query 'where is worker 9': refused with its reason.
  [  265.1s] 5c_query_while_partitioned: Edge case: 'where is worker 3' while {2,3} is cut off from the querying side.
  [  268.9s] 5d_refusal_productivity: Same query under a `productivity` token: refused (purpose limitation).
  => moment 5 PASS: valid query answered (confirmed/inferred/unreachable); unknown worker and productivity purpose refused with reasons; partition edge case: refused; blind-block query reported: Inferred: currently unseen — could be anywhere in a 69.0 m² candidate region · last position is appearance-matched, not anchored — treat as a hypothes
  [  269.0s] 6a_after_reload: Page reloaded mid-run; recovered in 0.1s with 4 nodes live.
  [  274.0s] 6b_node1_killed: Node 1's process killed; card reads OFFLINE after 4.9s, its camera zone is 'silent'; nodes live 3.
  [  278.3s] 6c_node1_restarted: Node 1 restarted; LIVE after 4.1s.
  [  280.0s] 6d_after_recovery: After recovery: CONVERGED, gaps 0, claims [6302.0, 6285.0, 6296.0, 6300.0].
  => moment 6 PASS: reload recovered in 0.1s; killed node OFFLINE after 4.9s (its camera zone: silent); LIVE again 4.1s after restart; converged 5.8s after restart
  [  284.0s] 7a1_before: Clean start: healed network, no forks.
  [  306.2s] 7a2_partitioned_twins: Partitioned: twin A on side {0,1}, twin B on side {2,3}; forks visible: 0 (conflict (resolvable): partitioned 21 s · 208 far-side claims held back).
  [  324.1s] 7a3_after_heal_fork: After the network healed: 1 fork(s) shown, open=0.
  [  332.2s] 7a4_8s_later: 8 s later: fork status unchanged (['RESOLVED_REACHABILITY']).
  => moment 7a PASS: no fork while partitioned (389 far-side claims held back); after healing the fork appeared and was resolved by reachability: Resolved by reachability: branch 0 kept. Rejected: branch 1 requires 6.7 m/s over 4.2 s, exceeds v_max 1.6 m/s.
  [  336.2s] 7b1_before: Clean start: healed network, no forks.
  [  358.5s] 7b2_partitioned_twins: Partitioned: twin A on side {0,1}, twin B on side {2,3}; forks visible: 0 (conflict (ambiguous): partitioned 21 s · 208 far-side claims held back).
  [  446.5s] 7b3_after_heal_fork: After the network healed: 0 fork(s) shown, open=0.
  [  454.6s] 7b4_8s_later: 8 s later: fork status unchanged ([]).
  => moment 7b FAIL: no fork appeared after healing; no fork line in the event log
  [  455.2s] 8a_healthy: Healthy: centralized tracks 5, Starling tracks 5, actually present 5.
  [  484.9s] 8b_partition_central_loses_side: Partitioned: centralized PARTIAL tracks 3; Starling tracks 5 of 5 present. Cameras 2, 3 cannot reach the server: their workers are lost (1340 observations never delivered).
  [  491.2s] 8c_central_killed: Central server killed: status DOWN, tracks 0; Starling tracks 5 of 5 present, 4 nodes live.
  [  497.3s] 8d_starling_unaffected: 6 s later, central still DOWN; Starling claims 4653.0 (was 4408.0), convergence CONVERGED.
  [  500.3s] 8e_central_restarted: Central server restarted: HEALTHY, tracks 5.
  => moment 8 PARTIAL: under partition centralized tracked 3 vs Starling 5 of 5 present

VERDICTS: {'0': 'PASS', '1': 'PASS', '2a': 'PASS', '2b': 'PASS', '3': 'PASS', '4': 'PASS', '5': 'PASS', '6': 'PASS', '7a': 'PASS', '7b': 'FAIL', '8': 'PARTIAL'}
wrote C:\Users\Amir Khan\Documents\starling\review\review.html (19.4 MB)
